// Jest Snapshot v1, https://goo.gl/fbAQLP

exports[`renders correctly 1`] = `
<View
  style={
    Object {
      "alignItems": "center",
      "backgroundColor": "#01D167",
      "borderRadius": 5,
      "justifyContent": "center",
      "paddingHorizontal": 14,
      "paddingVertical": 2,
    }
  }
>
  <Text
    style={
      Array [
        Object {
          "color": "#FFFF",
        },
        Object {
          "fontWeight": "bold",
        },
      ]
    }
  >
    S
    $
  </Text>
</View>
`;
